{
  "custom_plugin_paths": [],
  "exclude": {
    "files": ".*\\.example$|.*test.*fixture.*|.*\\.placeholder$|\\.github/|docs/"
  },
  "filters_used": [],
  "generated_at": "2026-08-04T00:00:00Z",
  "plugins_used": [
    {"name": "AWSKeyDetector"},
    {"name": "AzureStorageKeyDetector"},
    {"name": "Base64HighEntropyString", "limit": 4.5},
    {"name": "BasicAuthDetector"},
    {"name": "CloudAMQPKeyDetector"},
    {"name": "GCPApiKeyDetector"},
    {"name": "GitHubTokenDetector"},
    {"name": "HighEntropyString", "limit": 4.5},
    {"name": "IbmCloudIamDetector"},
    {"name": "JwtTokenDetector"},
    {"name": "MailgunDetector"},
    {"name": "NpmDetector"},
    {"name": "PrivateKeyDetector"},
    {"name": "SendGridDetector"},
    {"name": "SlackDetector"},
    {"name": "SoftlayerDetector"},
    {"name": "SquareOAuthDetector"},
    {"name": "StripeDetector"},
    {"name": "TwilioKeyDetector"}
  ],
  "results": {},
  "version": "1.3.0"
}
