mode: count
service/src/main.go:31.42,32.40 1 7
service/src/main.go:32.40,34.3 1 1
service/src/main.go:35.2,35.17 1 6
service/src/main.go:38.49,39.61 1 4
service/src/main.go:39.61,41.3 1 1
service/src/main.go:42.2,42.17 1 3
service/src/main.go:48.67,55.26 2 10
service/src/main.go:55.26,57.3 1 20
service/src/main.go:59.2,60.27 2 10
service/src/main.go:66.50,67.71 1 6
service/src/main.go:67.71,70.22 3 4
service/src/main.go:70.22,72.4 1 3
service/src/main.go:74.3,76.16 2 4
service/src/main.go:76.16,84.4 2 4
service/src/main.go:86.3,86.23 1 4
service/src/main.go:93.54,95.20 1 5
service/src/main.go:97.18,101.5 1 2
service/src/main.go:103.17,107.5 1 1
service/src/main.go:109.11,114.5 1 1
service/src/main.go:116.10,120.5 1 1
service/src/main.go:124.68,128.2 3 7
service/src/main.go:133.33,145.2 4 3
service/src/main.go:147.39,151.2 3 2
service/src/main.go:153.70,162.2 5 2
service/src/main.go:167.13,177.79 4 1
service/src/main.go:177.79,181.3 1 1
